Archive member included to satisfy reference by file (symbol)

/Users/peiyuanli/opt/gnu-mcu-eclipse/arm-none-eabi-gcc/8.2.1-1.7-20190524-0603/bin/../lib/gcc/arm-none-eabi/8.2.1/thumb/v6-m/nofp/libgcc.a(_udivsi3.o)
                              ./system/src/stm32f0-stdperiph/stm32f0xx_rcc.o (__aeabi_uidiv)
/Users/peiyuanli/opt/gnu-mcu-eclipse/arm-none-eabi-gcc/8.2.1-1.7-20190524-0603/bin/../lib/gcc/arm-none-eabi/8.2.1/thumb/v6-m/nofp/libgcc.a(_dvmd_tls.o)
                              /Users/peiyuanli/opt/gnu-mcu-eclipse/arm-none-eabi-gcc/8.2.1-1.7-20190524-0603/bin/../lib/gcc/arm-none-eabi/8.2.1/thumb/v6-m/nofp/libgcc.a(_udivsi3.o) (__aeabi_idiv0)
/Users/peiyuanli/opt/gnu-mcu-eclipse/arm-none-eabi-gcc/8.2.1-1.7-20190524-0603/bin/../lib/gcc/arm-none-eabi/8.2.1/../../../../arm-none-eabi/lib/thumb/v6-m/nofp/libg_nano.a(lib_a-abs.o)
                              ./src/main.o (abs)
/Users/peiyuanli/opt/gnu-mcu-eclipse/arm-none-eabi-gcc/8.2.1-1.7-20190524-0603/bin/../lib/gcc/arm-none-eabi/8.2.1/../../../../arm-none-eabi/lib/thumb/v6-m/nofp/libg_nano.a(lib_a-errno.o)
                              ./system/src/newlib/_sbrk.o (__errno)
/Users/peiyuanli/opt/gnu-mcu-eclipse/arm-none-eabi-gcc/8.2.1-1.7-20190524-0603/bin/../lib/gcc/arm-none-eabi/8.2.1/../../../../arm-none-eabi/lib/thumb/v6-m/nofp/libg_nano.a(lib_a-impure.o)
                              /Users/peiyuanli/opt/gnu-mcu-eclipse/arm-none-eabi-gcc/8.2.1-1.7-20190524-0603/bin/../lib/gcc/arm-none-eabi/8.2.1/../../../../arm-none-eabi/lib/thumb/v6-m/nofp/libg_nano.a(lib_a-errno.o) (_impure_ptr)
/Users/peiyuanli/opt/gnu-mcu-eclipse/arm-none-eabi-gcc/8.2.1-1.7-20190524-0603/bin/../lib/gcc/arm-none-eabi/8.2.1/../../../../arm-none-eabi/lib/thumb/v6-m/nofp/libg_nano.a(lib_a-memset.o)
                              ./src/main.o (memset)
/Users/peiyuanli/opt/gnu-mcu-eclipse/arm-none-eabi-gcc/8.2.1-1.7-20190524-0603/bin/../lib/gcc/arm-none-eabi/8.2.1/../../../../arm-none-eabi/lib/thumb/v6-m/nofp/libg_nano.a(lib_a-sprintf.o)
                              ./src/main.o (sprintf)
/Users/peiyuanli/opt/gnu-mcu-eclipse/arm-none-eabi-gcc/8.2.1-1.7-20190524-0603/bin/../lib/gcc/arm-none-eabi/8.2.1/../../../../arm-none-eabi/lib/thumb/v6-m/nofp/libg_nano.a(lib_a-strlen.o)
                              ./system/src/diag/Trace.o (strlen)
/Users/peiyuanli/opt/gnu-mcu-eclipse/arm-none-eabi-gcc/8.2.1-1.7-20190524-0603/bin/../lib/gcc/arm-none-eabi/8.2.1/../../../../arm-none-eabi/lib/thumb/v6-m/nofp/libg_nano.a(lib_a-vsnprintf.o)
                              ./system/src/diag/Trace.o (vsnprintf)
/Users/peiyuanli/opt/gnu-mcu-eclipse/arm-none-eabi-gcc/8.2.1-1.7-20190524-0603/bin/../lib/gcc/arm-none-eabi/8.2.1/../../../../arm-none-eabi/lib/thumb/v6-m/nofp/libg_nano.a(lib_a-nano-svfprintf.o)
                              /Users/peiyuanli/opt/gnu-mcu-eclipse/arm-none-eabi-gcc/8.2.1-1.7-20190524-0603/bin/../lib/gcc/arm-none-eabi/8.2.1/../../../../arm-none-eabi/lib/thumb/v6-m/nofp/libg_nano.a(lib_a-sprintf.o) (_svfprintf_r)
/Users/peiyuanli/opt/gnu-mcu-eclipse/arm-none-eabi-gcc/8.2.1-1.7-20190524-0603/bin/../lib/gcc/arm-none-eabi/8.2.1/../../../../arm-none-eabi/lib/thumb/v6-m/nofp/libg_nano.a(lib_a-nano-vfprintf_i.o)
                              /Users/peiyuanli/opt/gnu-mcu-eclipse/arm-none-eabi-gcc/8.2.1-1.7-20190524-0603/bin/../lib/gcc/arm-none-eabi/8.2.1/../../../../arm-none-eabi/lib/thumb/v6-m/nofp/libg_nano.a(lib_a-nano-svfprintf.o) (_printf_i)
/Users/peiyuanli/opt/gnu-mcu-eclipse/arm-none-eabi-gcc/8.2.1-1.7-20190524-0603/bin/../lib/gcc/arm-none-eabi/8.2.1/../../../../arm-none-eabi/lib/thumb/v6-m/nofp/libg_nano.a(lib_a-memchr-stub.o)
                              /Users/peiyuanli/opt/gnu-mcu-eclipse/arm-none-eabi-gcc/8.2.1-1.7-20190524-0603/bin/../lib/gcc/arm-none-eabi/8.2.1/../../../../arm-none-eabi/lib/thumb/v6-m/nofp/libg_nano.a(lib_a-nano-svfprintf.o) (memchr)
/Users/peiyuanli/opt/gnu-mcu-eclipse/arm-none-eabi-gcc/8.2.1-1.7-20190524-0603/bin/../lib/gcc/arm-none-eabi/8.2.1/../../../../arm-none-eabi/lib/thumb/v6-m/nofp/libg_nano.a(lib_a-memcpy-stub.o)
                              /Users/peiyuanli/opt/gnu-mcu-eclipse/arm-none-eabi-gcc/8.2.1-1.7-20190524-0603/bin/../lib/gcc/arm-none-eabi/8.2.1/../../../../arm-none-eabi/lib/thumb/v6-m/nofp/libg_nano.a(lib_a-nano-svfprintf.o) (memcpy)
/Users/peiyuanli/opt/gnu-mcu-eclipse/arm-none-eabi-gcc/8.2.1-1.7-20190524-0603/bin/../lib/gcc/arm-none-eabi/8.2.1/../../../../arm-none-eabi/lib/thumb/v6-m/nofp/libg_nano.a(lib_a-memmove.o)
                              /Users/peiyuanli/opt/gnu-mcu-eclipse/arm-none-eabi-gcc/8.2.1-1.7-20190524-0603/bin/../lib/gcc/arm-none-eabi/8.2.1/../../../../arm-none-eabi/lib/thumb/v6-m/nofp/libg_nano.a(lib_a-nano-svfprintf.o) (memmove)
/Users/peiyuanli/opt/gnu-mcu-eclipse/arm-none-eabi-gcc/8.2.1-1.7-20190524-0603/bin/../lib/gcc/arm-none-eabi/8.2.1/../../../../arm-none-eabi/lib/thumb/v6-m/nofp/libg_nano.a(lib_a-nano-freer.o)
[...]
Memory Configuration

Name             Origin             Length             Attributes
RAM              0x0000000020000000 0x0000000000002000 xrw
CCMRAM           0x0000000000000000 0x0000000000000000 xrw
FLASH            0x0000000008000000 0x0000000000010000 xr
FLASHB1          0x0000000000000000 0x0000000000000000 xr
EXTMEMB0         0x0000000000000000 0x0000000000000000 xr
EXTMEMB1         0x0000000000000000 0x0000000000000000 xr
EXTMEMB2         0x0000000000000000 0x0000000000000000 xr
EXTMEMB3         0x0000000000000000 0x0000000000000000 xr
MEMORY_ARRAY     0x0000000000000000 0x0000000000000000 xrw
*default*        0x0000000000000000 0xffffffffffffffff

Linker script and memory map

LOAD ./system/src/stm32f0-stdperiph/stm32f0xx_adc.o
LOAD ./system/src/stm32f0-stdperiph/stm32f0xx_gpio.o
LOAD ./system/src/stm32f0-stdperiph/stm32f0xx_rcc.o
LOAD ./system/src/stm32f0-stdperiph/stm32f0xx_rtc.o
LOAD ./system/src/stm32f0-stdperiph/stm32f0xx_tim.o
LOAD ./system/src/stm32f0-stdperiph/stm32f0xx_usart.o
LOAD ./system/src/newlib/_cxx.o
LOAD ./system/src/newlib/_exit.o
LOAD ./system/src/newlib/_sbrk.o
LOAD ./system/src/newlib/_startup.o
LOAD ./system/src/newlib/_syscalls.o
LOAD ./system/src/newlib/assert.o
LOAD ./system/src/diag/Trace.o
LOAD ./system/src/diag/trace_impl.o
LOAD ./system/src/cortexm/_initialize_hardware.o
LOAD ./system/src/cortexm/_reset_hardware.o
LOAD ./system/src/cortexm/exception_handlers.o
LOAD ./system/src/cmsis/system_stm32f0xx.o
LOAD ./system/src/cmsis/vectors_stm32f0xx.o
LOAD ./src/BlinkLed.o
LOAD ./src/Timer.o
LOAD ./src/_write.o
LOAD ./src/main.o
LOAD /Users/peiyuanli/opt/gnu-mcu-eclipse/arm-none-eabi-gcc/8.2.1-1.7-20190524-0603/bin/../lib/gcc/arm-none-eabi/8.2.1/../../../../arm-none-eabi/lib/thumb/v6-m/nofp/libstdc++_nano.a
LOAD /Users/peiyuanli/opt/gnu-mcu-eclipse/arm-none-eabi-gcc/8.2.1-1.7-20190524-0603/bin/../lib/gcc/arm-none-eabi/8.2.1/../../../../arm-none-eabi/lib/thumb/v6-m/nofp/libm.a
START GROUP
LOAD /Users/peiyuanli/opt/gnu-mcu-eclipse/arm-none-eabi-gcc/8.2.1-1.7-20190524-0603/bin/../lib/gcc/arm-none-eabi/8.2.1/thumb/v6-m/nofp/libgcc.a
LOAD /Users/peiyuanli/opt/gnu-mcu-eclipse/arm-none-eabi-gcc/8.2.1-1.7-20190524-0603/bin/../lib/gcc/arm-none-eabi/8.2.1/../../../../arm-none-eabi/lib/thumb/v6-m/nofp/libg_nano.a
LOAD /Users/peiyuanli/opt/gnu-mcu-eclipse/arm-none-eabi-gcc/8.2.1-1.7-20190524-0603/bin/../lib/gcc/arm-none-eabi/8.2.1/../../../../arm-none-eabi/lib/thumb/v6-m/nofp/libc_nano.a
END GROUP
START GROUP
LOAD /Users/peiyuanli/opt/gnu-mcu-eclipse/arm-none-eabi-gcc/8.2.1-1.7-20190524-0603/bin/../lib/gcc/arm-none-eabi/8.2.1/thumb/v6-m/nofp/libgcc.a
LOAD /Users/peiyuanli/opt/gnu-mcu-eclipse/arm-none-eabi-gcc/8.2.1-1.7-20190524-0603/bin/../lib/gcc/arm-none-eabi/8.2.1/../../../../arm-none-eabi/lib/thumb/v6-m/nofp/libc_nano.a
END GROUP
                0x0000000020002000                __stack = (ORIGIN (RAM) + LENGTH (RAM))
                0x0000000020002000                _estack = __stack
                0x0000000000000400                __Main_Stack_Size = 0x400
                [!provide]                        PROVIDE (_Main_Stack_Size = __Main_Stack_Size)
                0x0000000020001c00                __Main_Stack_Limit = (__stack - __Main_Stack_Size)
                [!provide]                        PROVIDE (_Main_Stack_Limit = __Main_Stack_Limit)
                0x0000000000000100                _Minimum_Stack_Size = 0x100
                0x0000000020000164                PROVIDE (_Heap_Begin = _end_noinit)
                0x0000000020001c00                PROVIDE (_Heap_Limit = (__stack - __Main_Stack_Size))

.isr_vector     0x0000000008000000      0x22c
 FILL mask 0xff
                0x0000000008000000                __vectors_start = ABSOLUTE (.)
                0x0000000008000000                __vectors_start__ = ABSOLUTE (.)
 *(.isr_vector)
 .isr_vector    0x0000000008000000       0xc4 ./system/src/cmsis/vectors_stm32f0xx.o
                0x0000000008000000                g_pfnVectors
 *(.cfmconfig)
 *(.after_vectors .after_vectors.*)
 .after_vectors
                0x00000000080000c4      0x114 ./system/src/newlib/_startup.o
                0x00000000080000c4                _start
 .after_vectors
                0x00000000080001d8       0x50 ./system/src/cortexm/exception_handlers.o
                0x00000000080001d8                Reset_Handler
                0x00000000080001de                NMI_Handler
                0x00000000080001e2                HardFault_Handler
                0x00000000080001fa                HardFault_Handler_C
                0x0000000008000218                SVC_Handler
                0x000000000800021c                PendSV_Handler
 .after_vectors
                0x0000000008000228        0x4 ./system/src/cmsis/vectors_stm32f0xx.o
                0x0000000008000228                TIM1_BRK_UP_TRG_COM_IRQHandler
                0x0000000008000228                TSC_IRQHandler
                0x0000000008000228                ADC1_COMP_IRQHandler
                0x0000000008000228                TIM6_IRQHandler
                0x0000000008000228                PVD_IRQHandler
                0x0000000008000228                I2C1_IRQHandler
                0x0000000008000228                RCC_CRS_IRQHandler
                0x0000000008000228                SPI1_IRQHandler
                0x0000000008000228                TIM6_DAC_IRQHandler
                0x0000000008000228                USART3_4_IRQHandler
                0x0000000008000228                EXTI2_3_IRQHandler
                0x0000000008000228                ADC1_IRQHandler
                0x0000000008000228                I2C2_IRQHandler
                0x0000000008000228                USART3_6_IRQHandler
                0x0000000008000228                TIM17_IRQHandler
                0x0000000008000228                CEC_CAN_IRQHandler
                0x0000000008000228                RTC_IRQHandler
                0x0000000008000228                PVD_VDDIO2_IRQHandler
                0x0000000008000228                DMA1_Channel4_5_6_7_IRQHandler
                0x0000000008000228                TIM16_IRQHandler
                0x0000000008000228                TIM3_IRQHandler
                0x0000000008000228                RCC_IRQHandler
                0x0000000008000228                EXTI4_15_IRQHandler
                0x0000000008000228                USART3_8_IRQHandler
                0x0000000008000228                DMA1_Channel1_IRQHandler
                0x0000000008000228                Default_Handler
                0x0000000008000228                CEC_IRQHandler
                0x0000000008000228                TIM14_IRQHandler
                0x0000000008000228                DMA1_Channel4_5_IRQHandler
                0x0000000008000228                TIM7_IRQHandler
                0x0000000008000228                TIM15_IRQHandler
                0x0000000008000228                EXTI0_1_IRQHandler
                0x0000000008000228                USB_IRQHandler
                0x0000000008000228                SPI2_IRQHandler
                0x0000000008000228                DMA1_Ch2_3_DMA2_Ch1_2_IRQHandler
                0x0000000008000228                DMA1_Ch4_7_DMA2_Ch3_5_IRQHandler
                0x0000000008000228                TS_IRQHandler
                0x0000000008000228                WWDG_IRQHandler
                0x0000000008000228                DMA1_Channel2_3_IRQHandler
                0x0000000008000228                USART2_IRQHandler
                0x0000000008000228                VDDIO2_IRQHandler
                0x0000000008000228                FLASH_IRQHandler
                0x0000000008000228                USART1_IRQHandler
                0x0000000008000228                TIM1_CC_IRQHandler

.inits          0x000000000800022c       0x28
                0x000000000800022c                __data_regions_array_start = .
                0x000000000800022c        0x4 LONG 0x800242c LOADADDR (.data)
                0x0000000008000230        0x4 LONG 0x20000000 ADDR (.data)
                0x0000000008000234        0x4 LONG 0x20000098 (ADDR (.data) + SIZEOF (.data))
                0x0000000008000238        0x4 LONG 0x800242c LOADADDR (.data_CCMRAM)
                0x000000000800023c        0x4 LONG 0x0 ADDR (.data_CCMRAM)
                0x0000000008000240        0x4 LONG 0x0 (ADDR (.data_CCMRAM) + SIZEOF (.data_CCMRAM))
                0x0000000008000244                __data_regions_array_end = .
                0x0000000008000244                __bss_regions_array_start = .
                0x0000000008000244        0x4 LONG 0x20000098 ADDR (.bss)
                0x0000000008000248        0x4 LONG 0x20000164 (ADDR (.bss) + SIZEOF (.bss))
                0x000000000800024c        0x4 LONG 0x0 ADDR (.bss_CCMRAM)
                0x0000000008000250        0x4 LONG 0x0 (ADDR (.bss_CCMRAM) + SIZEOF (.bss_CCMRAM))
                0x0000000008000254                __bss_regions_array_end = .
 *(.init)
 *(.fini)
                0x0000000008000254                . = ALIGN (0x4)
                0x0000000008000254                PROVIDE (__preinit_array_start = .)
 *(.preinit_array_sysinit .preinit_array_sysinit.*)
 *(.preinit_array_platform .preinit_array_platform.*)
 *(.preinit_array .preinit_array.*)
                0x0000000008000254                PROVIDE (__preinit_array_end = .)
                0x0000000008000254                . = ALIGN (0x4)
                0x0000000008000254                PROVIDE (__init_array_start = .)
 *(SORT_BY_NAME(.init_array.*))
 *(.init_array)
                0x0000000008000254                PROVIDE (__init_array_end = .)
                0x0000000008000254                . = ALIGN (0x4)
                0x0000000008000254                PROVIDE (__fini_array_start = .)
 *(SORT_BY_NAME(.fini_array.*))
 *(.fini_array)
                0x0000000008000254                PROVIDE (__fini_array_end = .)

.flashtext
 *(.flashtext .flashtext.*)

.text           0x0000000008000254     0x21d7
 *(.text .text.*)
 .text.GPIO_Init
                0x0000000008000254      0x120 ./system/src/stm32f0-stdperiph/stm32f0xx_gpio.o
                0x0000000008000254                GPIO_Init
 .text.GPIO_PinAFConfig
                0x0000000008000374       0x98 ./system/src/stm32f0-stdperiph/stm32f0xx_gpio.o
                0x0000000008000374                GPIO_PinAFConfig
 .text.RCC_GetClocksFreq
                0x000000000800040c      0x208 ./system/src/stm32f0-stdperiph/stm32f0xx_rcc.o
                0x000000000800040c                RCC_GetClocksFreq
 .text.RCC_AHBPeriphClockCmd
                0x0000000008000614       0x54 ./system/src/stm32f0-stdperiph/stm32f0xx_rcc.o
                0x0000000008000614                RCC_AHBPeriphClockCmd
 .text.RCC_APB2PeriphClockCmd
                0x0000000008000668       0x54 ./system/src/stm32f0-stdperiph/stm32f0xx_rcc.o
                0x0000000008000668                RCC_APB2PeriphClockCmd
 .text.RCC_APB1PeriphClockCmd
                0x00000000080006bc       0x54 ./system/src/stm32f0-stdperiph/stm32f0xx_rcc.o
                0x00000000080006bc                RCC_APB1PeriphClockCmd
 .text.TIM_TimeBaseInit
                0x0000000008000710      0x110 ./system/src/stm32f0-stdperiph/stm32f0xx_tim.o
                0x0000000008000710                TIM_TimeBaseInit
 .text.TIM_Cmd  0x0000000008000820       0x98 ./system/src/stm32f0-stdperiph/stm32f0xx_tim.o
                0x0000000008000820                TIM_Cmd
 .text.TIM_ITConfig
                0x00000000080008b8       0xb0 ./system/src/stm32f0-stdperiph/stm32f0xx_tim.o
                0x00000000080008b8                TIM_ITConfig
 .text.TIM_ClearFlag
                0x0000000008000968       0x90 ./system/src/stm32f0-stdperiph/stm32f0xx_tim.o
                0x0000000008000968                TIM_ClearFlag
 .text.USART_Init
                0x00000000080009f8      0x1e8 ./system/src/stm32f0-stdperiph/stm32f0xx_usart.o
                0x00000000080009f8                USART_Init
 .text.USART_Cmd
                0x0000000008000be0       0x8c ./system/src/stm32f0-stdperiph/stm32f0xx_usart.o
                0x0000000008000be0                USART_Cmd
 .text.USART_SendData
                0x0000000008000c6c       0x88 ./system/src/stm32f0-stdperiph/stm32f0xx_usart.o
                0x0000000008000c6c                USART_SendData
 .text.USART_ReceiveData
                0x0000000008000cf4       0x6c ./system/src/stm32f0-stdperiph/stm32f0xx_usart.o
                0x0000000008000cf4                USART_ReceiveData
 .text.USART_GetFlagStatus
                0x0000000008000d60      0x114 ./system/src/stm32f0-stdperiph/stm32f0xx_usart.o
                0x0000000008000d60                USART_GetFlagStatus
 .text.USART_ClearFlag
                0x0000000008000e74       0xc0 ./system/src/stm32f0-stdperiph/stm32f0xx_usart.o
                0x0000000008000e74                USART_ClearFlag
 .text._exit    0x0000000008000f34        0x2 ./system/src/newlib/_exit.o
                0x0000000008000f34                _exit
 *fill*         0x0000000008000f36        0x2 
 .text.abort    0x0000000008000f38       0x14 ./system/src/newlib/_exit.o
                0x0000000008000f38                abort
 .text._sbrk    0x0000000008000f4c       0x48 ./system/src/newlib/_sbrk.o
                0x0000000008000f4c                _sbrk
 .text.__initialize_args
                0x0000000008000f94       0x10 ./system/src/newlib/_syscalls.o
                0x0000000008000f94                __initialize_args
 .text.assert_failed
                0x0000000008000fa4       0x14 ./system/src/newlib/assert.o
                0x0000000008000fa4                assert_failed
 .text.trace_printf
                0x0000000008000fb8       0x30 ./system/src/diag/Trace.o
                0x0000000008000fb8                trace_printf
 .text.trace_puts
                0x0000000008000fe8       0x20 ./system/src/diag/Trace.o
                0x0000000008000fe8                trace_puts
 .text._trace_write_semihosting_debug
                0x0000000008001008       0x60 ./system/src/diag/trace_impl.o
 .text.trace_write
                0x0000000008001068        0x8 ./system/src/diag/trace_impl.o
                0x0000000008001068                trace_write
 .text.__initialize_hardware_early
                0x0000000008001070        0x8 ./system/src/cortexm/_initialize_hardware.o
                0x0000000008001070                __initialize_hardware_early
 .text.__initialize_hardware
                0x0000000008001078        0x8 ./system/src/cortexm/_initialize_hardware.o
                0x0000000008001078                __initialize_hardware
 .text.dumpExceptionStack
                0x0000000008001080       0x88 ./system/src/cortexm/exception_handlers.o
                0x0000000008001080                dumpExceptionStack
 .text.SetSysClock
                0x0000000008001108       0xb4 ./system/src/cmsis/system_stm32f0xx.o
 .text.SystemInit
                0x00000000080011bc       0x64 ./system/src/cmsis/system_stm32f0xx.o
                0x00000000080011bc                SystemInit
 .text.SystemCoreClockUpdate
                0x0000000008001220       0x98 ./system/src/cmsis/system_stm32f0xx.o
                0x0000000008001220                SystemCoreClockUpdate
 .text.timer_tick
                0x00000000080012b8       0x18 ./src/Timer.o
                0x00000000080012b8                timer_tick
 .text.SysTick_Handler
                0x00000000080012d0        0x8 ./src/Timer.o
                0x00000000080012d0                SysTick_Handler
 .text.uart2_send_buff
                0x00000000080012d8       0x54 ./src/main.o
                0x00000000080012d8                uart2_send_buff
 .text.receive_uart_frame
                0x000000000800132c       0x74 ./src/main.o
                0x000000000800132c                receive_uart_frame
 .text.ESP8266_SendCmd
                0x00000000080013a0       0x24 ./src/main.o
                0x00000000080013a0                ESP8266_SendCmd
 .text.ESP8266_ConnectToServer
                0x00000000080013c4       0x2c ./src/main.o
                0x00000000080013c4                ESP8266_ConnectToServer
 .text.TIM2_IRQHandler
                0x00000000080013f0      0x1bc ./src/main.o
                0x00000000080013f0                TIM2_IRQHandler
 .text.tim2_init
                0x00000000080015ac       0x58 ./src/main.o
                0x00000000080015ac                tim2_init
 .text.ADC_init
                0x0000000008001604       0x64 ./src/main.o
                0x0000000008001604                ADC_init
 .text.main     0x0000000008001668      0x10c ./src/main.o
                0x0000000008001668                main
 .text          0x0000000008001774      0x114 /Users/peiyuanli/opt/gnu-mcu-eclipse/arm-none-eabi-gcc/8.2.1-1.7-20190524-0603/bin/../lib/gcc/arm-none-eabi/8.2.1/thumb/v6-m/nofp/libgcc.a(_udivsi3.o)
                0x0000000008001774                __udivsi3
                0x0000000008001774                __aeabi_uidiv
                0x0000000008001880                __aeabi_uidivmod
 .text          0x0000000008001888        0x4 /Users/peiyuanli/opt/gnu-mcu-eclipse/arm-none-eabi-gcc/8.2.1-1.7-20190524-0603/bin/../lib/gcc/arm-none-eabi/8.2.1/thumb/v6-m/nofp/libgcc.a(_dvmd_tls.o)
                0x0000000008001888                __aeabi_ldiv0
                0x0000000008001888                __aeabi_idiv0
 .text.abs      0x000000000800188c        0x8 /Users/peiyuanli/opt/gnu-mcu-eclipse/arm-none-eabi-gcc/8.2.1-1.7-20190524-0603/bin/../lib/gcc/arm-none-eabi/8.2.1/../../../../arm-none-eabi/lib/thumb/v6-m/nofp/libg_nano.a(lib_a-abs.o)
                0x000000000800188c                abs
 .text.__errno  0x0000000008001894        0xc /Users/peiyuanli/opt/gnu-mcu-eclipse/arm-none-eabi-gcc/8.2.1-1.7-20190524-0603/bin/../lib/gcc/arm-none-eabi/8.2.1/../../../../arm-none-eabi/lib/thumb/v6-m/nofp/libg_nano.a(lib_a-errno.o)
                0x0000000008001894                __errno
 .text.memset   0x00000000080018a0       0x10 /Users/peiyuanli/opt/gnu-mcu-eclipse/arm-none-eabi-gcc/8.2.1-1.7-20190524-0603/bin/../lib/gcc/arm-none-eabi/8.2.1/../../../../arm-none-eabi/lib/thumb/v6-m/nofp/libg_nano.a(lib_a-memset.o)
                0x00000000080018a0                memset
 .text.sprintf  0x00000000080018b0       0x40 /Users/peiyuanli/opt/gnu-mcu-eclipse/arm-none-eabi-gcc/8.2.1-1.7-20190524-0603/bin/../lib/gcc/arm-none-eabi/8.2.1/../../../../arm-none-eabi/lib/thumb/v6-m/nofp/libg_nano.a(lib_a-sprintf.o)
                0x00000000080018b0                sprintf
                0x00000000080018b0                siprintf
 .text          0x00000000080018f0        0xe /Users/peiyuanli/opt/gnu-mcu-eclipse/arm-none-eabi-gcc/8.2.1-1.7-20190524-0603/bin/../lib/gcc/arm-none-eabi/8.2.1/../../../../arm-none-eabi/lib/thumb/v6-m/nofp/libg_nano.a(lib_a-strlen.o)
                0x00000000080018f0                strlen
 .text._vsnprintf_r
                0x00000000080018fe       0x56 /Users/peiyuanli/opt/gnu-mcu-eclipse/arm-none-eabi-gcc/8.2.1-1.7-20190524-0603/bin/../lib/gcc/arm-none-eabi/8.2.1/../../../../arm-none-eabi/lib/thumb/v6-m/nofp/libg_nano.a(lib_a-vsnprintf.o)
                0x00000000080018fe                _vsnprintf_r
                0x00000000080018fe                _vsniprintf_r
 .text.vsnprintf
                0x0000000008001954       0x18 /Users/peiyuanli/opt/gnu-mcu-eclipse/arm-none-eabi-gcc/8.2.1-1.7-20190524-0603/bin/../lib/gcc/arm-none-eabi/8.2.1/../../../../arm-none-eabi/lib/thumb/v6-m/nofp/libg_nano.a(lib_a-vsnprintf.o)
                0x0000000008001954                vsnprintf
                0x0000000008001954                vsniprintf
 .text.__ssputs_r
                0x000000000800196c       0xc4 /Users/peiyuanli/opt/gnu-mcu-eclipse/arm-none-eabi-gcc/8.2.1-1.7-20190524-0603/bin/../lib/gcc/arm-none-eabi/8.2.1/../../../../arm-none-eabi/lib/thumb/v6-m/nofp/libg_nano.a(lib_a-nano-svfprintf.o)
                0x000000000800196c                __ssputs_r
 .text._svfprintf_r
                0x0000000008001a30      0x1fc /Users/peiyuanli/opt/gnu-mcu-eclipse/arm-none-eabi-gcc/8.2.1-1.7-20190524-0603/bin/../lib/gcc/arm-none-eabi/8.2.1/../../../../arm-none-eabi/lib/thumb/v6-m/nofp/libg_nano.a(lib_a-nano-svfprintf.o)
                0x0000000008001a30                _svfprintf_r
                0x0000000008001a30                _svfiprintf_r
 .text._printf_common
                0x0000000008001c2c       0xda /Users/peiyuanli/opt/gnu-mcu-eclipse/arm-none-eabi-gcc/8.2.1-1.7-20190524-0603/bin/../lib/gcc/arm-none-eabi/8.2.1/../../../../arm-none-eabi/lib/thumb/v6-m/nofp/libg_nano.a(lib_a-nano-vfprintf_i.o)
                0x0000000008001c2c                _printf_common
 *fill*         0x0000000008001d06        0x2 
 .text._printf_i
                0x0000000008001d08      0x214 /Users/peiyuanli/opt/gnu-mcu-eclipse/arm-none-eabi-gcc/8.2.1-1.7-20190524-0603/bin/../lib/gcc/arm-none-eabi/8.2.1/../../../../arm-none-eabi/lib/thumb/v6-m/nofp/libg_nano.a(lib_a-nano-vfprintf_i.o)
                0x0000000008001d08                _printf_i
 .text.memchr   0x0000000008001f1c       0x16 /Users/peiyuanli/opt/gnu-mcu-eclipse/arm-none-eabi-gcc/8.2.1-1.7-20190524-0603/bin/../lib/gcc/arm-none-eabi/8.2.1/../../../../arm-none-eabi/lib/thumb/v6-m/nofp/libg_nano.a(lib_a-memchr-stub.o)
                0x0000000008001f1c                memchr
 .text.memcpy   0x0000000008001f32       0x12 /Users/peiyuanli/opt/gnu-mcu-eclipse/arm-none-eabi-gcc/8.2.1-1.7-20190524-0603/bin/../lib/gcc/arm-none-eabi/8.2.1/../../../../arm-none-eabi/lib/thumb/v6-m/nofp/libg_nano.a(lib_a-memcpy-stub.o)
                0x0000000008001f32                memcpy
 .text.memmove  0x0000000008001f44       0x26 /Users/peiyuanli/opt/gnu-mcu-eclipse/arm-none-eabi-gcc/8.2.1-1.7-20190524-0603/bin/../lib/gcc/arm-none-eabi/8.2.1/../../../../arm-none-eabi/lib/thumb/v6-m/nofp/libg_nano.a(lib_a-memmove.o)
                0x0000000008001f44                memmove
 *fill*         0x0000000008001f6a        0x2 
 .text._free_r  0x0000000008001f6c       0x94 /Users/peiyuanli/opt/gnu-mcu-eclipse/arm-none-eabi-gcc/8.2.1-1.7-20190524-0603/bin/../lib/gcc/arm-none-eabi/8.2.1/../../../../arm-none-eabi/lib/thumb/v6-m/nofp/libg_nano.a(lib_a-nano-freer.o)
                0x0000000008001f6c                _free_r
 .text._malloc_r
                0x0000000008002000       0xbc /Users/peiyuanli/opt/gnu-mcu-eclipse/arm-none-eabi-gcc/8.2.1-1.7-20190524-0603/bin/../lib/gcc/arm-none-eabi/8.2.1/../../../../arm-none-eabi/lib/thumb/v6-m/nofp/libg_nano.a(lib_a-nano-mallocr.o)
                0x0000000008002000                _malloc_r
 .text._realloc_r
                0x00000000080020bc       0x4c /Users/peiyuanli/opt/gnu-mcu-eclipse/arm-none-eabi-gcc/8.2.1-1.7-20190524-0603/bin/../lib/gcc/arm-none-eabi/8.2.1/../../../../arm-none-eabi/lib/thumb/v6-m/nofp/libg_nano.a(lib_a-nano-reallocr.o)
                0x00000000080020bc                _realloc_r
 .text._sbrk_r  0x0000000008002108       0x24 /Users/peiyuanli/opt/gnu-mcu-eclipse/arm-none-eabi-gcc/8.2.1-1.7-20190524-0603/bin/../lib/gcc/arm-none-eabi/8.2.1/../../../../arm-none-eabi/lib/thumb/v6-m/nofp/libg_nano.a(lib_a-sbrkr.o)
                0x0000000008002108                _sbrk_r
 .text.__malloc_lock
                0x000000000800212c       0x10 /Users/peiyuanli/opt/gnu-mcu-eclipse/arm-none-eabi-gcc/8.2.1-1.7-20190524-0603/bin/../lib/gcc/arm-none-eabi/8.2.1/../../../../arm-none-eabi/lib/thumb/v6-m/nofp/libg_nano.a(lib_a-mlock.o)
                0x000000000800212c                __malloc_lock
 .text.__malloc_unlock
                0x000000000800213c       0x10 /Users/peiyuanli/opt/gnu-mcu-eclipse/arm-none-eabi-gcc/8.2.1-1.7-20190524-0603/bin/../lib/gcc/arm-none-eabi/8.2.1/../../../../arm-none-eabi/lib/thumb/v6-m/nofp/libg_nano.a(lib_a-mlock.o)
                0x000000000800213c                __malloc_unlock
 .text._malloc_usable_size_r
                0x000000000800214c       0x10 /Users/peiyuanli/opt/gnu-mcu-eclipse/arm-none-eabi-gcc/8.2.1-1.7-20190524-0603/bin/../lib/gcc/arm-none-eabi/8.2.1/../../../../arm-none-eabi/lib/thumb/v6-m/nofp/libg_nano.a(lib_a-nano-msizer.o)
                0x000000000800214c                _malloc_usable_size_r
 .text.__retarget_lock_acquire_recursive
                0x000000000800215c        0x2 /Users/peiyuanli/opt/gnu-mcu-eclipse/arm-none-eabi-gcc/8.2.1-1.7-20190524-0603/bin/../lib/gcc/arm-none-eabi/8.2.1/../../../../arm-none-eabi/lib/thumb/v6-m/nofp/libg_nano.a(lib_a-lock.o)
                0x000000000800215c                __retarget_lock_acquire_recursive
 .text.__retarget_lock_release_recursive
                0x000000000800215e        0x2 /Users/peiyuanli/opt/gnu-mcu-eclipse/arm-none-eabi-gcc/8.2.1-1.7-20190524-0603/bin/../lib/gcc/arm-none-eabi/8.2.1/../../../../arm-none-eabi/lib/thumb/v6-m/nofp/libg_nano.a(lib_a-lock.o)
                0x000000000800215e                __retarget_lock_release_recursive
 *(.rodata .rodata.* .constdata .constdata.*)
 .rodata.GPIO_DeInit.str1.4
                0x0000000008002160       0x31 ./system/src/stm32f0-stdperiph/stm32f0xx_gpio.o
 *fill*         0x0000000008002191        0x3 
 .rodata.RCC_HSEConfig.str1.4
                0x0000000008002194       0x30 ./system/src/stm32f0-stdperiph/stm32f0xx_rcc.o
 .rodata.TIM_DeInit.str1.4
                0x00000000080021c4       0x30 ./system/src/stm32f0-stdperiph/stm32f0xx_tim.o
 .rodata.USART_DeInit.str1.4
                0x00000000080021f4       0x32 ./system/src/stm32f0-stdperiph/stm32f0xx_usart.o
 *fill*         0x0000000008002226        0x2 
 .rodata.abort.str1.4
                0x0000000008002228       0x14 ./system/src/newlib/_exit.o
 .rodata.assert_failed.str1.4
                0x000000000800223c       0x2b ./system/src/newlib/assert.o
 .rodata.trace_puts.str1.4
                0x0000000008002267       0x2b ./system/src/diag/Trace.o
                                          0x2 (size before relaxing)
 *fill*         0x0000000008002267        0x1 
 .rodata.dumpExceptionStack.str1.4
                0x0000000008002268       0xae ./system/src/cortexm/exception_handlers.o
 *fill*         0x0000000008002316        0x2 
 .rodata.str1.4
                0x0000000008002318        0xd ./system/src/cortexm/exception_handlers.o
 *fill*         0x0000000008002325        0x3 
 .rodata.ESP8266_ConnectToServer.str1.4
                0x0000000008002328       0x1a ./src/main.o
 *fill*         0x0000000008002342        0x2 
 .rodata.ESP8266_SendCmd.str1.4
                0x0000000008002344        0x3 ./src/main.o
 *fill*         0x0000000008002347        0x1 
 .rodata.TIM2_IRQHandler.str1.4
                0x0000000008002348       0x74 ./src/main.o
 .rodata.main.str1.4
                0x00000000080023bc       0x29 ./src/main.o
 *fill*         0x00000000080023e5        0x3 
 .rodata.serverCommunication.str1.4
                0x00000000080023e8       0x10 ./src/main.o
                                          0xe (size before relaxing)
 .rodata._svfprintf_r.str1.1
                0x00000000080023f8       0x11 /Users/peiyuanli/opt/gnu-mcu-eclipse/arm-none-eabi-gcc/8.2.1-1.7-20190524-0603/bin/../lib/gcc/arm-none-eabi/8.2.1/../../../../arm-none-eabi/lib/thumb/v6-m/nofp/libg_nano.a(lib_a-nano-svfprintf.o)
 .rodata._printf_i.str1.1
                0x0000000008002409       0x22 /Users/peiyuanli/opt/gnu-mcu-eclipse/arm-none-eabi-gcc/8.2.1-1.7-20190524-0603/bin/../lib/gcc/arm-none-eabi/8.2.1/../../../../arm-none-eabi/lib/thumb/v6-m/nofp/libg_nano.a(lib_a-nano-vfprintf_i.o)
 *(vtable)
 *(.eh_frame*)
 *(.glue_7)
 .glue_7        0x000000000800242b        0x0 linker stubs
 *(.glue_7t)
 .glue_7t       0x000000000800242b        0x0 linker stubs

.vfp11_veneer   0x000000000800242c        0x0
 .vfp11_veneer  0x000000000800242c        0x0 linker stubs

.v4_bx          0x000000000800242c        0x0
 .v4_bx         0x000000000800242c        0x0 linker stubs

.iplt           0x000000000800242c        0x0
 .iplt          0x000000000800242c        0x0 ./system/src/stm32f0-stdperiph/stm32f0xx_gpio.o

.rel.dyn        0x000000000800242c        0x0
 .rel.iplt      0x000000000800242c        0x0 ./system/src/stm32f0-stdperiph/stm32f0xx_gpio.o

.ARM.extab
 *(.ARM.extab* .gnu.linkonce.armextab.*)
                0x000000000800242c                . = ALIGN (0x4)
                0x000000000800242c                __exidx_start = .

.ARM.exidx
 *(.ARM.exidx* .gnu.linkonce.armexidx.*)
                0x000000000800242c                __exidx_end = .
                0x000000000800242c                . = ALIGN (0x4)
                0x000000000800242c                _etext = .
                0x000000000800242c                __etext = .

.data_CCMRAM    0x0000000000000000        0x0 load address 0x000000000800242c
 FILL mask 0xff
 *(.data.CCMRAM .data.CCMRAM.*)
                0x0000000000000000                . = ALIGN (0x4)
                0x000000000800242c                _sidata = LOADADDR (.data)

.data           0x0000000020000000       0x98 load address 0x000000000800242c
 FILL mask 0xff
                0x0000000020000000                _sdata = .
                0x0000000020000000                __data_start__ = .
 *(.data_begin .data_begin.*)
 .data_begin    0x0000000020000000        0x4 ./system/src/newlib/_startup.o
 *(.data .data.*)
 .data.APBAHBPrescTable
                0x0000000020000004       0x10 ./system/src/stm32f0-stdperiph/stm32f0xx_rcc.o
 .data.argv.4374
                0x0000000020000014        0x8 ./system/src/newlib/_syscalls.o
 .data.AHBPrescTable
                0x000000002000001c       0x10 ./system/src/cmsis/system_stm32f0xx.o
                0x000000002000001c                AHBPrescTable
 .data.SystemCoreClock
                0x000000002000002c        0x4 ./system/src/cmsis/system_stm32f0xx.o
                0x000000002000002c                SystemCoreClock
 .data._impure_ptr
                0x0000000020000030        0x4 /Users/peiyuanli/opt/gnu-mcu-eclipse/arm-none-eabi-gcc/8.2.1-1.7-20190524-0603/bin/../lib/gcc/arm-none-eabi/8.2.1/../../../../arm-none-eabi/lib/thumb/v6-m/nofp/libg_nano.a(lib_a-impure.o)
                0x0000000020000030                _impure_ptr
 .data.impure_data
                0x0000000020000034       0x60 /Users/peiyuanli/opt/gnu-mcu-eclipse/arm-none-eabi-gcc/8.2.1-1.7-20190524-0603/bin/../lib/gcc/arm-none-eabi/8.2.1/../../../../arm-none-eabi/lib/thumb/v6-m/nofp/libg_nano.a(lib_a-impure.o)
 *(.data_end .data_end.*)
 .data_end      0x0000000020000094        0x4 ./system/src/newlib/_startup.o
                0x0000000020000098                . = ALIGN (0x4)
                0x0000000020000098                _edata = .
                0x0000000020000098                __data_end__ = .

.igot.plt       0x0000000020000098        0x0 load address 0x00000000080024c4
 .igot.plt      0x0000000020000098        0x0 ./system/src/stm32f0-stdperiph/stm32f0xx_gpio.o

.bss_CCMRAM     0x0000000000000000        0x0
 *(.bss.CCMRAM .bss.CCMRAM.*)

.bss            0x0000000020000098       0xcc
                0x0000000020000098                __bss_start__ = .
                0x0000000020000098                _sbss = .
 *(.bss_begin .bss_begin.*)
 .bss_begin     0x0000000020000098        0x4 ./system/src/newlib/_startup.o
 *(.bss .bss.*)
 .bss.current_heap_end.4004
                0x000000002000009c        0x4 ./system/src/newlib/_sbrk.o
 .bss.name.4373
                0x00000000200000a0        0x1 ./system/src/newlib/_syscalls.o
 *fill*         0x00000000200000a1        0x3 
 .bss.buf.5248  0x00000000200000a4       0x80 ./system/src/diag/Trace.o
 .bss.counter   0x0000000020000124        0x4 ./src/main.o
                0x0000000020000124                counter
 .bss.curPowerFactorCt
                0x0000000020000128        0x4 ./src/main.o
                0x0000000020000128                curPowerFactorCt
 .bss.currentBuff
                0x000000002000012c        0x4 ./src/main.o
                0x000000002000012c                currentBuff
 .bss.out       0x0000000020000130        0x4 ./src/main.o
                0x0000000020000130                out
 .bss.seconds   0x0000000020000134        0x4 ./src/main.o
                0x0000000020000134                seconds
 .bss.ts        0x0000000020000138        0x4 ./src/main.o
                0x0000000020000138                ts
 .bss.volPowerFactorCt
                0x000000002000013c        0x4 ./src/main.o
                0x000000002000013c                volPowerFactorCt
 .bss.voltageBuff
                0x0000000020000140        0x4 ./src/main.o
                0x0000000020000140                voltageBuff
 .bss.__malloc_free_list
                0x0000000020000144        0x4 /Users/peiyuanli/opt/gnu-mcu-eclipse/arm-none-eabi-gcc/8.2.1-1.7-20190524-0603/bin/../lib/gcc/arm-none-eabi/8.2.1/../../../../arm-none-eabi/lib/thumb/v6-m/nofp/libg_nano.a(lib_a-nano-mallocr.o)
                0x0000000020000144                __malloc_free_list
 .bss.__malloc_sbrk_start
                0x0000000020000148        0x4 /Users/peiyuanli/opt/gnu-mcu-eclipse/arm-none-eabi-gcc/8.2.1-1.7-20190524-0603/bin/../lib/gcc/arm-none-eabi/8.2.1/../../../../arm-none-eabi/lib/thumb/v6-m/nofp/libg_nano.a(lib_a-nano-mallocr.o)
                0x0000000020000148                __malloc_sbrk_start
 *(COMMON)
 COMMON         0x000000002000014c        0x4 ./system/src/newlib/_syscalls.o
                0x000000002000014c                errno
 COMMON         0x0000000020000150        0x4 ./src/Timer.o
                0x0000000020000150                timer_delayCount
 COMMON         0x0000000020000154        0x9 /Users/peiyuanli/opt/gnu-mcu-eclipse/arm-none-eabi-gcc/8.2.1-1.7-20190524-0603/bin/../lib/gcc/arm-none-eabi/8.2.1/../../../../arm-none-eabi/lib/thumb/v6-m/nofp/libg_nano.a(lib_a-lock.o)
                0x0000000020000154                __lock___atexit_recursive_mutex
                0x0000000020000155                __lock___arc4random_mutex
                0x0000000020000156                __lock___env_recursive_mutex
                0x0000000020000157                __lock___sinit_recursive_mutex
                0x0000000020000158                __lock___malloc_recursive_mutex
                0x0000000020000159                __lock___at_quick_exit_mutex
                0x000000002000015a                __lock___dd_hash_mutex
                0x000000002000015b                __lock___tz_mutex
                0x000000002000015c                __lock___sfp_recursive_mutex
 *(.bss_end .bss_end.*)
 *fill*         0x000000002000015d        0x3 
 .bss_end       0x0000000020000160        0x4 ./system/src/newlib/_startup.o
                0x0000000020000164                . = ALIGN (0x4)
                0x0000000020000164                __bss_end__ = .
                0x0000000020000164                _ebss = .

.noinit_CCMRAM
 *(.noinit.CCMRAM .noinit.CCMRAM.*)

.noinit         0x0000000020000164        0x0
                0x0000000020000164                _noinit = .
 *(.noinit .noinit.*)
                0x0000000020000164                . = ALIGN (0x4)
                0x0000000020000164                _end_noinit = .
                [!provide]                        PROVIDE (end = _end_noinit)
                [!provide]                        PROVIDE (_end = _end_noinit)
                [!provide]                        PROVIDE (__end = _end_noinit)
                [!provide]                        PROVIDE (__end__ = _end_noinit)

._check_stack   0x0000000020000164      0x100
                0x0000000020000264                . = (. + _Minimum_Stack_Size)
 *fill*         0x0000000020000164      0x100 

.b1text
 *(.b1text)
 *(.b1rodata)
 *(.b1rodata.*)

.eb0text
 *(.eb0text)
 *(.eb0rodata)
 *(.eb0rodata.*)

.eb1text
 *(.eb1text)
 *(.eb1rodata)
 *(.eb1rodata.*)

.eb2text
 *(.eb2text)
 *(.eb2rodata)
 *(.eb2rodata.*)

.eb3text
 *(.eb3text)
 *(.eb3rodata)
 *(.eb3rodata.*)

.stab
 *(.stab)

.stabstr
 *(.stabstr)

.stab.excl
 *(.stab.excl)

.stab.exclstr
 *(.stab.exclstr)

.stab.index
 *(.stab.index)

.stab.indexstr
 *(.stab.indexstr)

.comment        0x0000000000000000       0x68
 *(.comment)
 .comment       0x0000000000000000       0x68 ./system/src/stm32f0-stdperiph/stm32f0xx_gpio.o
                                         0x69 (size before relaxing)
 .comment       0x0000000000000068       0x69 ./system/src/stm32f0-stdperiph/stm32f0xx_rcc.o
 .comment       0x0000000000000068       0x69 ./system/src/stm32f0-stdperiph/stm32f0xx_tim.o
 .comment       0x0000000000000068       0x69 ./system/src/stm32f0-stdperiph/stm32f0xx_usart.o
 .comment       0x0000000000000068       0x69 ./system/src/newlib/_exit.o
 .comment       0x0000000000000068       0x69 ./system/src/newlib/_sbrk.o
 .comment       0x0000000000000068       0x69 ./system/src/newlib/_startup.o
 .comment       0x0000000000000068       0x69 ./system/src/newlib/_syscalls.o
 .comment       0x0000000000000068       0x69 ./system/src/newlib/assert.o
 .comment       0x0000000000000068       0x69 ./system/src/diag/Trace.o
 .comment       0x0000000000000068       0x69 ./system/src/diag/trace_impl.o
 .comment       0x0000000000000068       0x69 ./system/src/cortexm/_initialize_hardware.o
 .comment       0x0000000000000068       0x69 ./system/src/cortexm/exception_handlers.o
 .comment       0x0000000000000068       0x69 ./system/src/cmsis/system_stm32f0xx.o
 .comment       0x0000000000000068       0x69 ./system/src/cmsis/vectors_stm32f0xx.o
 .comment       0x0000000000000068       0x69 ./src/Timer.o
 .comment       0x0000000000000068       0x69 ./src/main.o

.ARM.attributes
                0x0000000000000000       0x2a
 .ARM.attributes
                0x0000000000000000       0x2c ./system/src/stm32f0-stdperiph/stm32f0xx_gpio.o
 .ARM.attributes
                0x000000000000002c       0x2c ./system/src/stm32f0-stdperiph/stm32f0xx_rcc.o
 .ARM.attributes
                0x0000000000000058       0x2c ./system/src/stm32f0-stdperiph/stm32f0xx_tim.o
 .ARM.attributes
                0x0000000000000084       0x2c ./system/src/stm32f0-stdperiph/stm32f0xx_usart.o
 .ARM.attributes
                0x00000000000000b0       0x2c ./system/src/newlib/_exit.o
 .ARM.attributes
                0x00000000000000dc       0x2c ./system/src/newlib/_sbrk.o
 .ARM.attributes
                0x0000000000000108       0x2c ./system/src/newlib/_startup.o
 .ARM.attributes
                0x0000000000000134       0x2c ./system/src/newlib/_syscalls.o
 .ARM.attributes
                0x0000000000000160       0x2c ./system/src/newlib/assert.o
 .ARM.attributes
                0x000000000000018c       0x2c ./system/src/diag/Trace.o
 .ARM.attributes
                0x00000000000001b8       0x2c ./system/src/diag/trace_impl.o
 .ARM.attributes
                0x00000000000001e4       0x2c ./system/src/cortexm/_initialize_hardware.o
 .ARM.attributes
                0x0000000000000210       0x2c ./system/src/cortexm/exception_handlers.o
 .ARM.attributes
                0x000000000000023c       0x2c ./system/src/cmsis/system_stm32f0xx.o
 .ARM.attributes
                0x0000000000000268       0x2c ./system/src/cmsis/vectors_stm32f0xx.o
 .ARM.attributes
                0x0000000000000294       0x2c ./src/Timer.o
 .ARM.attributes
                0x00000000000002c0       0x2c ./src/main.o
 .ARM.attributes
                0x00000000000002ec       0x1e /Users/peiyuanli/opt/gnu-mcu-eclipse/arm-none-eabi-gcc/8.2.1-1.7-20190524-0603/bin/../lib/gcc/arm-none-eabi/8.2.1/thumb/v6-m/nofp/libgcc.a(_udivsi3.o)
 .ARM.attributes
                0x000000000000030a       0x1e /Users/peiyuanli/opt/gnu-mcu-eclipse/arm-none-eabi-gcc/8.2.1-1.7-20190524-0603/bin/../lib/gcc/arm-none-eabi/8.2.1/thumb/v6-m/nofp/libgcc.a(_dvmd_tls.o)
 .ARM.attributes
                0x0000000000000328       0x2c /Users/peiyuanli/opt/gnu-mcu-eclipse/arm-none-eabi-gcc/8.2.1-1.7-20190524-0603/bin/../lib/gcc/arm-none-eabi/8.2.1/../../../../arm-none-eabi/lib/thumb/v6-m/nofp/libg_nano.a(lib_a-abs.o)
 .ARM.attributes
                0x0000000000000354       0x2c /Users/peiyuanli/opt/gnu-mcu-eclipse/arm-none-eabi-gcc/8.2.1-1.7-20190524-0603/bin/../lib/gcc/arm-none-eabi/8.2.1/../../../../arm-none-eabi/lib/thumb/v6-m/nofp/libg_nano.a(lib_a-errno.o)
 .ARM.attributes
                0x0000000000000380       0x2c /Users/peiyuanli/opt/gnu-mcu-eclipse/arm-none-eabi-gcc/8.2.1-1.7-20190524-0603/bin/../lib/gcc/arm-none-eabi/8.2.1/../../../../arm-none-eabi/lib/thumb/v6-m/nofp/libg_nano.a(lib_a-impure.o)
 .ARM.attributes
                0x00000000000003ac       0x2c /Users/peiyuanli/opt/gnu-mcu-eclipse/arm-none-eabi-gcc/8.2.1-1.7-20190524-0603/bin/../lib/gcc/arm-none-eabi/8.2.1/../../../../arm-none-eabi/lib/thumb/v6-m/nofp/libg_nano.a(lib_a-memset.o)
 .ARM.attributes
                0x00000000000003d8       0x2c /Users/peiyuanli/opt/gnu-mcu-eclipse/arm-none-eabi-gcc/8.2.1-1.7-20190524-0603/bin/../lib/gcc/arm-none-eabi/8.2.1/../../../../arm-none-eabi/lib/thumb/v6-m/nofp/libg_nano.a(lib_a-sprintf.o)
 .ARM.attributes
                0x0000000000000404       0x1c /Users/peiyuanli/opt/gnu-mcu-eclipse/arm-none-eabi-gcc/8.2.1-1.7-20190524-0603/bin/../lib/gcc/arm-none-eabi/8.2.1/../../../../arm-none-eabi/lib/thumb/v6-m/nofp/libg_nano.a(lib_a-strlen.o)
 .ARM.attributes
                0x0000000000000420       0x2c /Users/peiyuanli/opt/gnu-mcu-eclipse/arm-none-eabi-gcc/8.2.1-1.7-20190524-0603/bin/../lib/gcc/arm-none-eabi/8.2.1/../../../../arm-none-eabi/lib/thumb/v6-m/nofp/libg_nano.a(lib_a-vsnprintf.o)
 .ARM.attributes
                0x000000000000044c       0x2c /Users/peiyuanli/opt/gnu-mcu-eclipse/arm-none-eabi-gcc/8.2.1-1.7-20190524-0603/bin/../lib/gcc/arm-none-eabi/8.2.1/../../../../arm-none-eabi/lib/thumb/v6-m/nofp/libg_nano.a(lib_a-nano-svfprintf.o)
 .ARM.attributes
                0x0000000000000478       0x2c /Users/peiyuanli/opt/gnu-mcu-eclipse/arm-none-eabi-gcc/8.2.1-1.7-20190524-0603/bin/../lib/gcc/arm-none-eabi/8.2.1/../../../../arm-none-eabi/lib/thumb/v6-m/nofp/libg_nano.a(lib_a-nano-vfprintf_i.o)
 .ARM.attributes
                0x00000000000004a4       0x2c /Users/peiyuanli/opt/gnu-mcu-eclipse/arm-none-eabi-gcc/8.2.1-1.7-20190524-0603/bin/../lib/gcc/arm-none-eabi/8.2.1/../../../../arm-none-eabi/lib/thumb/v6-m/nofp/libg_nano.a(lib_a-memchr-stub.o)
 .ARM.attributes
                0x00000000000004d0       0x2c /Users/peiyuanli/opt/gnu-mcu-eclipse/arm-none-eabi-gcc/8.2.1-1.7-20190524-0603/bin/../lib/gcc/arm-none-eabi/8.2.1/../../../../arm-none-eabi/lib/thumb/v6-m/nofp/libg_nano.a(lib_a-memcpy-stub.o)
 .ARM.attributes
                0x00000000000004fc       0x2c /Users/peiyuanli/opt/gnu-mcu-eclipse/arm-none-eabi-gcc/8.2.1-1.7-20190524-0603/bin/../lib/gcc/arm-none-eabi/8.2.1/../../../../arm-none-eabi/lib/thumb/v6-m/nofp/libg_nano.a(lib_a-memmove.o)
 .ARM.attributes
                0x0000000000000528       0x2c /Users/peiyuanli/opt/gnu-mcu-eclipse/arm-none-eabi-gcc/8.2.1-1.7-20190524-0603/bin/../lib/gcc/arm-none-eabi/8.2.1/../../../../arm-none-eabi/lib/thumb/v6-m/nofp/libg_nano.a(lib_a-nano-freer.o)
 .ARM.attributes
                0x0000000000000554       0x2c /Users/peiyuanli/opt/gnu-mcu-eclipse/arm-none-eabi-gcc/8.2.1-1.7-20190524-0603/bin/../lib/gcc/arm-none-eabi/8.2.1/../../../../arm-none-eabi/lib/thumb/v6-m/nofp/libg_nano.a(lib_a-nano-mallocr.o)
 .ARM.attributes
                0x0000000000000580       0x2c /Users/peiyuanli/opt/gnu-mcu-eclipse/arm-none-eabi-gcc/8.2.1-1.7-20190524-0603/bin/../lib/gcc/arm-none-eabi/8.2.1/../../../../arm-none-eabi/lib/thumb/v6-m/nofp/libg_nano.a(lib_a-nano-reallocr.o)
 .ARM.attributes
                0x00000000000005ac       0x2c /Users/peiyuanli/opt/gnu-mcu-eclipse/arm-none-eabi-gcc/8.2.1-1.7-20190524-0603/bin/../lib/gcc/arm-none-eabi/8.2.1/../../../../arm-none-eabi/lib/thumb/v6-m/nofp/libg_nano.a(lib_a-sbrkr.o)
 .ARM.attributes
                0x00000000000005d8       0x2c /Users/peiyuanli/opt/gnu-mcu-eclipse/arm-none-eabi-gcc/8.2.1-1.7-20190524-0603/bin/../lib/gcc/arm-none-eabi/8.2.1/../../../../arm-none-eabi/lib/thumb/v6-m/nofp/libg_nano.a(lib_a-mlock.o)
 .ARM.attributes
                0x0000000000000604       0x2c /Users/peiyuanli/opt/gnu-mcu-eclipse/arm-none-eabi-gcc/8.2.1-1.7-20190524-0603/bin/../lib/gcc/arm-none-eabi/8.2.1/../../../../arm-none-eabi/lib/thumb/v6-m/nofp/libg_nano.a(lib_a-nano-msizer.o)
 .ARM.attributes
                0x0000000000000630       0x2c /Users/peiyuanli/opt/gnu-mcu-eclipse/arm-none-eabi-gcc/8.2.1-1.7-20190524-0603/bin/../lib/gcc/arm-none-eabi/8.2.1/../../../../arm-none-eabi/lib/thumb/v6-m/nofp/libg_nano.a(lib_a-lock.o)

.debug
 *(.debug)

.line
 *(.line)

.debug_srcinfo
 *(.debug_srcinfo)

.debug_sfnames
 *(.debug_sfnames)

.debug_aranges  0x0000000000000000      0x948
 *(.debug_aranges)
 .debug_aranges
                0x0000000000000000       0x80 ./system/src/stm32f0-stdperiph/stm32f0xx_gpio.o
 .debug_aranges
                0x0000000000000080      0x160 ./system/src/stm32f0-stdperiph/stm32f0xx_rcc.o
 .debug_aranges
                0x00000000000001e0      0x300 ./system/src/stm32f0-stdperiph/stm32f0xx_tim.o
 .debug_aranges
                0x00000000000004e0      0x1a0 ./system/src/stm32f0-stdperiph/stm32f0xx_usart.o
 .debug_aranges
                0x0000000000000680       0x28 ./system/src/newlib/_exit.o
 .debug_aranges
                0x00000000000006a8       0x20 ./system/src/newlib/_sbrk.o
 .debug_aranges
                0x00000000000006c8       0x40 ./system/src/newlib/_startup.o
 .debug_aranges
                0x0000000000000708       0x30 ./system/src/newlib/_syscalls.o
 .debug_aranges
                0x0000000000000738       0x28 ./system/src/newlib/assert.o
 .debug_aranges
                0x0000000000000760       0x38 ./system/src/diag/Trace.o
 .debug_aranges
                0x0000000000000798       0x30 ./system/src/diag/trace_impl.o
 .debug_aranges
                0x00000000000007c8       0x28 ./system/src/cortexm/_initialize_hardware.o
 .debug_aranges
                0x00000000000007f0       0x58 ./system/src/cortexm/exception_handlers.o
 .debug_aranges
                0x0000000000000848       0x30 ./system/src/cmsis/system_stm32f0xx.o
 .debug_aranges
                0x0000000000000878       0x20 ./system/src/cmsis/vectors_stm32f0xx.o
 .debug_aranges
                0x0000000000000898       0x38 ./src/Timer.o
 .debug_aranges
                0x00000000000008d0       0x78 ./src/main.o

.debug_pubnames
 *(.debug_pubnames)

.debug_info     0x0000000000000000     0xe9cb
 *(.debug_info .gnu.linkonce.wi.*)
 .debug_info    0x0000000000000000      0xadc ./system/src/stm32f0-stdperiph/stm32f0xx_gpio.o
 .debug_info    0x0000000000000adc     0x10c3 ./system/src/stm32f0-stdperiph/stm32f0xx_rcc.o
 .debug_info    0x0000000000001b9f     0x3d84 ./system/src/stm32f0-stdperiph/stm32f0xx_tim.o
 .debug_info    0x0000000000005923     0x1e3b ./system/src/stm32f0-stdperiph/stm32f0xx_usart.o
 .debug_info    0x000000000000775e      0x9e7 ./system/src/newlib/_exit.o
 .debug_info    0x0000000000008145      0x9d4 ./system/src/newlib/_sbrk.o
 .debug_info    0x0000000000008b19      0x4ce ./system/src/newlib/_startup.o
 .debug_info    0x0000000000008fe7      0xab9 ./system/src/newlib/_syscalls.o
 .debug_info    0x0000000000009aa0      0xaaa ./system/src/newlib/assert.o
 .debug_info    0x000000000000a54a      0xbdb ./system/src/diag/Trace.o
 .debug_info    0x000000000000b125      0x3a0 ./system/src/diag/trace_impl.o
 .debug_info    0x000000000000b4c5       0xec ./system/src/cortexm/_initialize_hardware.o
 .debug_info    0x000000000000b5b1      0xc3e ./system/src/cortexm/exception_handlers.o
 .debug_info    0x000000000000c1ef      0x32e ./system/src/cmsis/system_stm32f0xx.o
 .debug_info    0x000000000000c51d       0xce ./system/src/cmsis/vectors_stm32f0xx.o
 .debug_info    0x000000000000c5eb      0x4ab ./src/Timer.o
 .debug_info    0x000000000000ca96     0x1f35 ./src/main.o

.debug_abbrev   0x0000000000000000     0x23fa
 *(.debug_abbrev)
 .debug_abbrev  0x0000000000000000      0x226 ./system/src/stm32f0-stdperiph/stm32f0xx_gpio.o
 .debug_abbrev  0x0000000000000226      0x289 ./system/src/stm32f0-stdperiph/stm32f0xx_rcc.o
 .debug_abbrev  0x00000000000004af      0x1ff ./system/src/stm32f0-stdperiph/stm32f0xx_tim.o
 .debug_abbrev  0x00000000000006ae      0x212 ./system/src/stm32f0-stdperiph/stm32f0xx_usart.o
 .debug_abbrev  0x00000000000008c0      0x222 ./system/src/newlib/_exit.o
 .debug_abbrev  0x0000000000000ae2      0x232 ./system/src/newlib/_sbrk.o
 .debug_abbrev  0x0000000000000d14      0x1d7 ./system/src/newlib/_startup.o
 .debug_abbrev  0x0000000000000eeb      0x26d ./system/src/newlib/_syscalls.o
 .debug_abbrev  0x0000000000001158      0x222 ./system/src/newlib/assert.o
 .debug_abbrev  0x000000000000137a      0x2c6 ./system/src/diag/Trace.o
 .debug_abbrev  0x0000000000001640      0x207 ./system/src/diag/trace_impl.o
 .debug_abbrev  0x0000000000001847       0x89 ./system/src/cortexm/_initialize_hardware.o
 .debug_abbrev  0x00000000000018d0      0x2d5 ./system/src/cortexm/exception_handlers.o
 .debug_abbrev  0x0000000000001ba5      0x18a ./system/src/cmsis/system_stm32f0xx.o
 .debug_abbrev  0x0000000000001d2f       0xa5 ./system/src/cmsis/vectors_stm32f0xx.o
 .debug_abbrev  0x0000000000001dd4      0x1f1 ./src/Timer.o
 .debug_abbrev  0x0000000000001fc5      0x435 ./src/main.o

.debug_line     0x0000000000000000     0xacb2
 *(.debug_line)
 .debug_line    0x0000000000000000      0xa00 ./system/src/stm32f0-stdperiph/stm32f0xx_gpio.o
 .debug_line    0x0000000000000a00     0x12cd ./system/src/stm32f0-stdperiph/stm32f0xx_rcc.o
 .debug_line    0x0000000000001ccd     0x306d ./system/src/stm32f0-stdperiph/stm32f0xx_tim.o
 .debug_line    0x0000000000004d3a     0x1add ./system/src/stm32f0-stdperiph/stm32f0xx_usart.o
 .debug_line    0x0000000000006817      0x3c6 ./system/src/newlib/_exit.o
 .debug_line    0x0000000000006bdd      0x3b8 ./system/src/newlib/_sbrk.o
 .debug_line    0x0000000000006f95      0x5d8 ./system/src/newlib/_startup.o
 .debug_line    0x000000000000756d      0x4bb ./system/src/newlib/_syscalls.o
 .debug_line    0x0000000000007a28      0x407 ./system/src/newlib/assert.o
 .debug_line    0x0000000000007e2f      0x4af ./system/src/diag/Trace.o
 .debug_line    0x00000000000082de      0x72c ./system/src/diag/trace_impl.o
 .debug_line    0x0000000000008a0a      0x3a6 ./system/src/cortexm/_initialize_hardware.o
 .debug_line    0x0000000000008db0      0x76c ./system/src/cortexm/exception_handlers.o
 .debug_line    0x000000000000951c      0x58c ./system/src/cmsis/system_stm32f0xx.o
 .debug_line    0x0000000000009aa8      0x129 ./system/src/cmsis/vectors_stm32f0xx.o
 .debug_line    0x0000000000009bd1      0x471 ./src/Timer.o
 .debug_line    0x000000000000a042      0xc70 ./src/main.o

.debug_frame    0x0000000000000000     0x1e64
 *(.debug_frame)
 .debug_frame   0x0000000000000000      0x164 ./system/src/stm32f0-stdperiph/stm32f0xx_gpio.o
 .debug_frame   0x0000000000000164      0x3f4 ./system/src/stm32f0-stdperiph/stm32f0xx_rcc.o
 .debug_frame   0x0000000000000558      0xa28 ./system/src/stm32f0-stdperiph/stm32f0xx_tim.o
 .debug_frame   0x0000000000000f80      0x550 ./system/src/stm32f0-stdperiph/stm32f0xx_usart.o
 .debug_frame   0x00000000000014d0       0x38 ./system/src/newlib/_exit.o
 .debug_frame   0x0000000000001508       0x28 ./system/src/newlib/_sbrk.o
 .debug_frame   0x0000000000001530       0x80 ./system/src/newlib/_startup.o
 .debug_frame   0x00000000000015b0       0x50 ./system/src/newlib/_syscalls.o
 .debug_frame   0x0000000000001600       0x44 ./system/src/newlib/assert.o
 .debug_frame   0x0000000000001644       0x78 ./system/src/diag/Trace.o
 .debug_frame   0x00000000000016bc       0x60 ./system/src/diag/trace_impl.o
 .debug_frame   0x000000000000171c       0x40 ./system/src/cortexm/_initialize_hardware.o
 .debug_frame   0x000000000000175c       0xb0 ./system/src/cortexm/exception_handlers.o
 .debug_frame   0x000000000000180c       0x54 ./system/src/cmsis/system_stm32f0xx.o
 .debug_frame   0x0000000000001860       0x20 ./system/src/cmsis/vectors_stm32f0xx.o
 .debug_frame   0x0000000000001880       0x60 ./src/Timer.o
 .debug_frame   0x00000000000018e0      0x174 ./src/main.o
 .debug_frame   0x0000000000001a54       0x20 /Users/peiyuanli/opt/gnu-mcu-eclipse/arm-none-eabi-gcc/8.2.1-1.7-20190524-0603/bin/../lib/gcc/arm-none-eabi/8.2.1/thumb/v6-m/nofp/libgcc.a(_udivsi3.o)
 .debug_frame   0x0000000000001a74       0x20 /Users/peiyuanli/opt/gnu-mcu-eclipse/arm-none-eabi-gcc/8.2.1-1.7-20190524-0603/bin/../lib/gcc/arm-none-eabi/8.2.1/../../../../arm-none-eabi/lib/thumb/v6-m/nofp/libg_nano.a(lib_a-abs.o)
 .debug_frame   0x0000000000001a94       0x20 /Users/peiyuanli/opt/gnu-mcu-eclipse/arm-none-eabi-gcc/8.2.1-1.7-20190524-0603/bin/../lib/gcc/arm-none-eabi/8.2.1/../../../../arm-none-eabi/lib/thumb/v6-m/nofp/libg_nano.a(lib_a-errno.o)
 .debug_frame   0x0000000000001ab4       0x20 /Users/peiyuanli/opt/gnu-mcu-eclipse/arm-none-eabi-gcc/8.2.1-1.7-20190524-0603/bin/../lib/gcc/arm-none-eabi/8.2.1/../../../../arm-none-eabi/lib/thumb/v6-m/nofp/libg_nano.a(lib_a-memset.o)
 .debug_frame   0x0000000000001ad4       0x48 /Users/peiyuanli/opt/gnu-mcu-eclipse/arm-none-eabi-gcc/8.2.1-1.7-20190524-0603/bin/../lib/gcc/arm-none-eabi/8.2.1/../../../../arm-none-eabi/lib/thumb/v6-m/nofp/libg_nano.a(lib_a-sprintf.o)
 .debug_frame   0x0000000000001b1c       0x48 /Users/peiyuanli/opt/gnu-mcu-eclipse/arm-none-eabi-gcc/8.2.1-1.7-20190524-0603/bin/../lib/gcc/arm-none-eabi/8.2.1/../../../../arm-none-eabi/lib/thumb/v6-m/nofp/libg_nano.a(lib_a-vsnprintf.o)
 .debug_frame   0x0000000000001b64       0x74 /Users/peiyuanli/opt/gnu-mcu-eclipse/arm-none-eabi-gcc/8.2.1-1.7-20190524-0603/bin/../lib/gcc/arm-none-eabi/8.2.1/../../../../arm-none-eabi/lib/thumb/v6-m/nofp/libg_nano.a(lib_a-nano-svfprintf.o)
 .debug_frame   0x0000000000001bd8       0x54 /Users/peiyuanli/opt/gnu-mcu-eclipse/arm-none-eabi-gcc/8.2.1-1.7-20190524-0603/bin/../lib/gcc/arm-none-eabi/8.2.1/../../../../arm-none-eabi/lib/thumb/v6-m/nofp/libg_nano.a(lib_a-nano-vfprintf_i.o)
 .debug_frame   0x0000000000001c2c       0x20 /Users/peiyuanli/opt/gnu-mcu-eclipse/arm-none-eabi-gcc/8.2.1-1.7-20190524-0603/bin/../lib/gcc/arm-none-eabi/8.2.1/../../../../arm-none-eabi/lib/thumb/v6-m/nofp/libg_nano.a(lib_a-memchr-stub.o)
 .debug_frame   0x0000000000001c4c       0x28 /Users/peiyuanli/opt/gnu-mcu-eclipse/arm-none-eabi-gcc/8.2.1-1.7-20190524-0603/bin/../lib/gcc/arm-none-eabi/8.2.1/../../../../arm-none-eabi/lib/thumb/v6-m/nofp/libg_nano.a(lib_a-memcpy-stub.o)
 .debug_frame   0x0000000000001c74       0x28 /Users/peiyuanli/opt/gnu-mcu-eclipse/arm-none-eabi-gcc/8.2.1-1.7-20190524-0603/bin/../lib/gcc/arm-none-eabi/8.2.1/../../../../arm-none-eabi/lib/thumb/v6-m/nofp/libg_nano.a(lib_a-memmove.o)
 .debug_frame   0x0000000000001c9c       0x2c /Users/peiyuanli/opt/gnu-mcu-eclipse/arm-none-eabi-gcc/8.2.1-1.7-20190524-0603/bin/../lib/gcc/arm-none-eabi/8.2.1/../../../../arm-none-eabi/lib/thumb/v6-m/nofp/libg_nano.a(lib_a-nano-freer.o)
 .debug_frame   0x0000000000001cc8       0x30 /Users/peiyuanli/opt/gnu-mcu-eclipse/arm-none-eabi-gcc/8.2.1-1.7-20190524-0603/bin/../lib/gcc/arm-none-eabi/8.2.1/../../../../arm-none-eabi/lib/thumb/v6-m/nofp/libg_nano.a(lib_a-nano-mallocr.o)
 .debug_frame   0x0000000000001cf8       0x30 /Users/peiyuanli/opt/gnu-mcu-eclipse/arm-none-eabi-gcc/8.2.1-1.7-20190524-0603/bin/../lib/gcc/arm-none-eabi/8.2.1/../../../../arm-none-eabi/lib/thumb/v6-m/nofp/libg_nano.a(lib_a-nano-reallocr.o)
 .debug_frame   0x0000000000001d28       0x2c /Users/peiyuanli/opt/gnu-mcu-eclipse/arm-none-eabi-gcc/8.2.1-1.7-20190524-0603/bin/../lib/gcc/arm-none-eabi/8.2.1/../../../../arm-none-eabi/lib/thumb/v6-m/nofp/libg_nano.a(lib_a-sbrkr.o)
 .debug_frame   0x0000000000001d54       0x40 /Users/peiyuanli/opt/gnu-mcu-eclipse/arm-none-eabi-gcc/8.2.1-1.7-20190524-0603/bin/../lib/gcc/arm-none-eabi/8.2.1/../../../../arm-none-eabi/lib/thumb/v6-m/nofp/libg_nano.a(lib_a-mlock.o)
 .debug_frame   0x0000000000001d94       0x20 /Users/peiyuanli/opt/gnu-mcu-eclipse/arm-none-eabi-gcc/8.2.1-1.7-20190524-0603/bin/../lib/gcc/arm-none-eabi/8.2.1/../../../../arm-none-eabi/lib/thumb/v6-m/nofp/libg_nano.a(lib_a-nano-msizer.o)
 .debug_frame   0x0000000000001db4       0xb0 /Users/peiyuanli/opt/gnu-mcu-eclipse/arm-none-eabi-gcc/8.2.1-1.7-20190524-0603/bin/../lib/gcc/arm-none-eabi/8.2.1/../../../../arm-none-eabi/lib/thumb/v6-m/nofp/libg_nano.a(lib_a-lock.o)

.debug_str      0x0000000000000000    0x53818
 *(.debug_str)
 .debug_str     0x0000000000000000    0x4a520 ./system/src/stm32f0-stdperiph/stm32f0xx_gpio.o
                                      0x4a6de (size before relaxing)
 .debug_str     0x000000000004a520      0x66e ./system/src/stm32f0-stdperiph/stm32f0xx_rcc.o
                                      0x4aa88 (size before relaxing)
 .debug_str     0x000000000004ab8e      0xc35 ./system/src/stm32f0-stdperiph/stm32f0xx_tim.o
                                      0x4b0c9 (size before relaxing)
 .debug_str     0x000000000004b7c3      0x804 ./system/src/stm32f0-stdperiph/stm32f0xx_usart.o
                                      0x4ad30 (size before relaxing)
 .debug_str     0x000000000004bfc7     0x4f14 ./system/src/newlib/_exit.o
                                       0x7e28 (size before relaxing)
 .debug_str     0x0000000000050edb      0x4f5 ./system/src/newlib/_sbrk.o
                                       0x71da (size before relaxing)
 .debug_str     0x00000000000513d0      0x260 ./system/src/newlib/_startup.o
                                       0x6915 (size before relaxing)
 .debug_str     0x0000000000051630      0xdef ./system/src/newlib/_syscalls.o
                                       0x8026 (size before relaxing)
 .debug_str     0x000000000005241f       0xd0 ./system/src/newlib/assert.o
                                       0x892d (size before relaxing)
 .debug_str     0x00000000000524ef      0x819 ./system/src/diag/Trace.o
                                       0x85a0 (size before relaxing)
 .debug_str     0x0000000000052d08      0x37b ./system/src/diag/trace_impl.o
                                      0x4e5a6 (size before relaxing)
 .debug_str     0x0000000000053083       0x5e ./system/src/cortexm/_initialize_hardware.o
                                      0x4a424 (size before relaxing)
 .debug_str     0x00000000000530e1      0x103 ./system/src/cortexm/exception_handlers.o
                                      0x4f45d (size before relaxing)
 .debug_str     0x00000000000531e4       0x57 ./system/src/cmsis/system_stm32f0xx.o
                                      0x4a4a9 (size before relaxing)
 .debug_str     0x000000000005323b       0x56 ./system/src/cmsis/vectors_stm32f0xx.o
                                       0x38a8 (size before relaxing)
 .debug_str     0x0000000000053291      0x24d ./src/Timer.o
                                      0x4a6ea (size before relaxing)
 .debug_str     0x00000000000534de      0x33a ./src/main.o
                                      0x504b7 (size before relaxing)

.debug_loc      0x0000000000000000     0x7a8a
 *(.debug_loc)
 .debug_loc     0x0000000000000000      0x696 ./system/src/stm32f0-stdperiph/stm32f0xx_gpio.o
 .debug_loc     0x0000000000000696     0x124a ./system/src/stm32f0-stdperiph/stm32f0xx_rcc.o
 .debug_loc     0x00000000000018e0     0x39af ./system/src/stm32f0-stdperiph/stm32f0xx_tim.o
 .debug_loc     0x000000000000528f     0x1a9d ./system/src/stm32f0-stdperiph/stm32f0xx_usart.o
 .debug_loc     0x0000000000006d2c       0x15 ./system/src/newlib/_exit.o
 .debug_loc     0x0000000000006d41       0xad ./system/src/newlib/_sbrk.o
 .debug_loc     0x0000000000006dee      0x2a6 ./system/src/newlib/_startup.o
 .debug_loc     0x0000000000007094       0x6f ./system/src/newlib/_syscalls.o
 .debug_loc     0x0000000000007103      0x146 ./system/src/newlib/assert.o
 .debug_loc     0x0000000000007249      0x118 ./system/src/diag/Trace.o
 .debug_loc     0x0000000000007361      0x195 ./system/src/diag/trace_impl.o
 .debug_loc     0x00000000000074f6       0xa8 ./system/src/cortexm/exception_handlers.o
 .debug_loc     0x000000000000759e      0x17e ./system/src/cmsis/system_stm32f0xx.o
 .debug_loc     0x000000000000771c       0x63 ./src/Timer.o
 .debug_loc     0x000000000000777f      0x30b ./src/main.o

.debug_macinfo
 *(.debug_macinfo)

.debug_weaknames
 *(.debug_weaknames)

.debug_funcnames
 *(.debug_funcnames)

.debug_typenames
 *(.debug_typenames)

.debug_varnames
 *(.debug_varnames)
OUTPUT(F0TestII.elf elf32-littlearm)

.debug_ranges   0x0000000000000000      0x868
 .debug_ranges  0x0000000000000000       0x70 ./system/src/stm32f0-stdperiph/stm32f0xx_gpio.o
 .debug_ranges  0x0000000000000070      0x150 ./system/src/stm32f0-stdperiph/stm32f0xx_rcc.o
 .debug_ranges  0x00000000000001c0      0x2f0 ./system/src/stm32f0-stdperiph/stm32f0xx_tim.o
 .debug_ranges  0x00000000000004b0      0x190 ./system/src/stm32f0-stdperiph/stm32f0xx_usart.o
 .debug_ranges  0x0000000000000640       0x18 ./system/src/newlib/_exit.o
 .debug_ranges  0x0000000000000658       0x10 ./system/src/newlib/_sbrk.o
 .debug_ranges  0x0000000000000668       0x48 ./system/src/newlib/_startup.o
 .debug_ranges  0x00000000000006b0       0x20 ./system/src/newlib/_syscalls.o
 .debug_ranges  0x00000000000006d0       0x18 ./system/src/newlib/assert.o
 .debug_ranges  0x00000000000006e8       0x28 ./system/src/diag/Trace.o
 .debug_ranges  0x0000000000000710       0x38 ./system/src/diag/trace_impl.o
 .debug_ranges  0x0000000000000748       0x18 ./system/src/cortexm/_initialize_hardware.o
 .debug_ranges  0x0000000000000760       0x48 ./system/src/cortexm/exception_handlers.o
 .debug_ranges  0x00000000000007a8       0x20 ./system/src/cmsis/system_stm32f0xx.o
 .debug_ranges  0x00000000000007c8       0x10 ./system/src/cmsis/vectors_stm32f0xx.o
 .debug_ranges  0x00000000000007d8       0x28 ./src/Timer.o
 .debug_ranges  0x0000000000000800       0x68 ./src/main.o

.debug_macro    0x0000000000000000     0x474d
 .debug_macro   0x0000000000000000      0x165 ./system/src/stm32f0-stdperiph/stm32f0xx_gpio.o
 .debug_macro   0x0000000000000165      0x3cf ./system/src/stm32f0-stdperiph/stm32f0xx_gpio.o
 .debug_macro   0x0000000000000534      0x17f ./system/src/stm32f0-stdperiph/stm32f0xx_gpio.o
 .debug_macro   0x00000000000006b3      0x183 ./system/src/stm32f0-stdperiph/stm32f0xx_rcc.o
 .debug_macro   0x0000000000000836      0x51c ./system/src/stm32f0-stdperiph/stm32f0xx_rcc.o
 .debug_macro   0x0000000000000d52      0x181 ./system/src/stm32f0-stdperiph/stm32f0xx_tim.o
 .debug_macro   0x0000000000000ed3      0x74a ./system/src/stm32f0-stdperiph/stm32f0xx_tim.o
 .debug_macro   0x000000000000161d      0x17d ./system/src/stm32f0-stdperiph/stm32f0xx_usart.o
 .debug_macro   0x000000000000179a      0x350 ./system/src/stm32f0-stdperiph/stm32f0xx_usart.o
 .debug_macro   0x0000000000001aea      0x1b4 ./system/src/newlib/_exit.o
 .debug_macro   0x0000000000001c9e       0x34 ./system/src/newlib/_exit.o
 .debug_macro   0x0000000000001cd2      0x10e ./system/src/newlib/_exit.o
 .debug_macro   0x0000000000001de0       0x8d ./system/src/newlib/_exit.o
 .debug_macro   0x0000000000001e6d       0x43 ./system/src/newlib/_exit.o
 .debug_macro   0x0000000000001eb0      0x339 ./system/src/newlib/_exit.o
 .debug_macro   0x00000000000021e9       0x35 ./system/src/newlib/_exit.o
 .debug_macro   0x000000000000221e      0x169 ./system/src/newlib/_sbrk.o
 .debug_macro   0x0000000000002387      0x174 ./system/src/newlib/_sbrk.o
 .debug_macro   0x00000000000024fb       0x10 ./system/src/newlib/_sbrk.o
 .debug_macro   0x000000000000250b      0x23b ./system/src/newlib/_sbrk.o
 .debug_macro   0x0000000000002746      0x173 ./system/src/newlib/_startup.o
 .debug_macro   0x00000000000028b9      0x1f3 ./system/src/newlib/_syscalls.o
 .debug_macro   0x0000000000002aac       0x1c ./system/src/newlib/_syscalls.o
 .debug_macro   0x0000000000002ac8       0x10 ./system/src/newlib/_syscalls.o
 .debug_macro   0x0000000000002ad8       0x10 ./system/src/newlib/_syscalls.o
 .debug_macro   0x0000000000002ae8       0x10 ./system/src/newlib/_syscalls.o
 .debug_macro   0x0000000000002af8       0x35 ./system/src/newlib/_syscalls.o
 .debug_macro   0x0000000000002b2d      0x122 ./system/src/newlib/_syscalls.o
 .debug_macro   0x0000000000002c4f       0x88 ./system/src/newlib/_syscalls.o
 .debug_macro   0x0000000000002cd7      0x10c ./system/src/newlib/_syscalls.o
 .debug_macro   0x0000000000002de3      0x189 ./system/src/newlib/_syscalls.o
 .debug_macro   0x0000000000002f6c       0x16 ./system/src/newlib/_syscalls.o
 .debug_macro   0x0000000000002f82      0x1d0 ./system/src/newlib/assert.o
 .debug_macro   0x0000000000003152       0x1c ./system/src/newlib/assert.o
 .debug_macro   0x000000000000316e      0x1fb ./system/src/diag/Trace.o
 .debug_macro   0x0000000000003369       0x16 ./system/src/diag/Trace.o
 .debug_macro   0x000000000000337f       0x97 ./system/src/diag/Trace.o
 .debug_macro   0x0000000000003416       0xfd ./system/src/diag/Trace.o
 .debug_macro   0x0000000000003513       0x10 ./system/src/diag/Trace.o
 .debug_macro   0x0000000000003523       0x16 ./system/src/diag/Trace.o
 .debug_macro   0x0000000000003539      0x16f ./system/src/diag/Trace.o
 .debug_macro   0x00000000000036a8       0x4c ./system/src/diag/Trace.o
 .debug_macro   0x00000000000036f4       0x16 ./system/src/diag/Trace.o
 .debug_macro   0x000000000000370a      0x2d4 ./system/src/diag/trace_impl.o
 .debug_macro   0x00000000000039de       0x10 ./system/src/diag/trace_impl.o
 .debug_macro   0x00000000000039ee       0xcf ./system/src/diag/trace_impl.o
 .debug_macro   0x0000000000003abd       0xbe ./system/src/diag/trace_impl.o
 .debug_macro   0x0000000000003b7b       0x22 ./system/src/diag/trace_impl.o
 .debug_macro   0x0000000000003b9d      0x165 ./system/src/cortexm/_initialize_hardware.o
 .debug_macro   0x0000000000003d02      0x31e ./system/src/cortexm/exception_handlers.o
 .debug_macro   0x0000000000004020       0x3b ./system/src/cortexm/exception_handlers.o
 .debug_macro   0x000000000000405b       0x10 ./system/src/cortexm/exception_handlers.o
 .debug_macro   0x000000000000406b      0x15b ./system/src/cmsis/system_stm32f0xx.o
 .debug_macro   0x00000000000041c6       0x34 ./system/src/cmsis/vectors_stm32f0xx.o
 .debug_macro   0x00000000000041fa      0x17e ./src/Timer.o
 .debug_macro   0x0000000000004378       0x10 ./src/Timer.o
 .debug_macro   0x0000000000004388      0x397 ./src/main.o
 .debug_macro   0x000000000000471f       0x2e ./src/main.o
